../Core/Src/main.c:68:5:__io_putchar	24	static
../Core/Src/main.c:79:5:__io_getchar	16	static
../Core/Src/main.c:89:5:_read	24	static
../Core/Src/main.c:175:6:create_char	32	static
../Core/Src/main.c:200:6:Print_in_lcd	8	static
../Core/Src/main.c:222:6:positioning	8	static
../Core/Src/main.c:240:6:init_tab	16	static
../Core/Src/main.c:251:6:printtab	24	static
../Core/Src/main.c:276:6:menu	8	static
../Core/Src/main.c:290:5:check	16	static
../Core/Src/main.c:305:5:Keyboard	16	static
../Core/Src/main.c:407:6:Starting_position	16	static
../Core/Src/main.c:423:5:System_Interface	32	static
../Core/Src/main.c:530:5:main	24	static
../Core/Src/main.c:642:6:SystemClock_Config	96	static
../Core/Src/main.c:687:13:MX_ADC1_Init	48	static
../Core/Src/main.c:754:13:MX_USART2_UART_Init	8	static
../Core/Src/main.c:789:13:MX_GPIO_Init	40	static
../Core/Src/main.c:842:6:Error_Handler	4	static,ignoring_inline_asm
